// Jest Snapshot v1, https://goo.gl/fbAQLP

exports[`class model snapshotted views references references to models with snapshotted views can be instantiated 1`] = `
{
  "examples": {
    "1": {
      "key": "1",
      "name": "Alice",
      "slug": "alice",
    },
    "2": {
      "key": "2",
      "name": "Bob",
      "slug": "bob",
    },
  },
  "referrers": {
    "a": {
      "example": "1",
      "id": "a",
    },
    "b": {
      "example": "2",
      "id": "b",
    },
  },
}
`;
